#-----------------------------------------------------------
# Vivado v2021.2 (64-bit)
# SW Build 3367213 on Tue Oct 19 02:47:39 MDT 2021
# IP Build 3369179 on Thu Oct 21 08:25:16 MDT 2021
# Start of session at: Mon May 16 09:18:04 2022
# Process ID: 6715
# Current directory: /home/nicolasbenatti/SynologyDrive/Polimi/3o_anno/reti_logiche/progetto/progetto_rl/progetto_rl.runs/synth_1
# Command line: vivado -log project_reti_logiche.vds -product Vivado -mode batch -messageDb vivado.pb -notrace -source project_reti_logiche.tcl
# Log file: /home/nicolasbenatti/SynologyDrive/Polimi/3o_anno/reti_logiche/progetto/progetto_rl/progetto_rl.runs/synth_1/project_reti_logiche.vds
# Journal file: /home/nicolasbenatti/SynologyDrive/Polimi/3o_anno/reti_logiche/progetto/progetto_rl/progetto_rl.runs/synth_1/vivado.jou
# Running On: fedora, OS: Linux, CPU Frequency: 2200.000 MHz, CPU Physical cores: 6, Host memory: 16076 MB
#-----------------------------------------------------------
source project_reti_logiche.tcl -notrace
